// Jest Snapshot v1, https://goo.gl/fbAQLP

exports[`Pruebas en <GifGrids /> Debe mostrar el componente GifGrids correctamente 1`] = `
<Fragment>
  <h3
    className="animate__animated animate__bounce"
  >
    Goku
  </h3>
  <div
    className="card-grid animate__animated animate__fadeIn"
  >
    <p
      className="animate__animated animate__flash"
    >
      Loading
    </p>
  </div>
</Fragment>
`;
